[backblue.gif]
[fade.gif]
[index.html]
[localhost/marketnow/index.php/feed/index.html]
[localhost/marketnow/index.php/comments/feed/index.html]
[localhost/marketnow/index.php/wp-json/index.html]
[localhost/marketnow/index.php/wp-json/wp/v2/pages/28.json]
[localhost/marketnow/xmlrpc0db0.php]
[localhost/marketnow/wp-includes/wlwmanifest.xml]
[localhost/marketnow/index.php/wp-json/oembed/1.0/embede081.json]
[localhost/marketnow/index.php/wp-json/oembed/1.0/embedc538]
[localhost/marketnow/wp-content/uploads/2020/11/cropped-dibujo-32x32.png]
[localhost/marketnow/wp-content/uploads/2020/11/cropped-dibujo-192x192.png]
[localhost/marketnow/wp-content/uploads/2020/11/cropped-dibujo-180x180.png]
[localhost/marketnow/wp-content/uploads/2020/11/cropped-dibujo-1.png]
[localhost/marketnow/wp-content/uploads/2020/11/g5998-1007x1024.png]
[localhost/marketnow/wp-content/uploads/2020/11/pexels-negative-space-34639-1024x683.jpg]
[localhost/marketnow/wp-content/uploads/2020/11/pexels-canva-studio-3194518-1024x683.jpg]
[localhost/marketnow/wp-content/uploads/2020/11/pexels-pixabay-270637-1-1024x680.jpg]
[localhost/marketnow/index.html]
[localhost/marketnow/index.php/wp-json/wp/v2/pages/87.json]
[localhost/marketnow/index.php/wp-json/oembed/1.0/embede1ac.json]
[localhost/marketnow/index.php/wp-json/oembed/1.0/embed9756]
[localhost/marketnow/index.php/que-es-le-marketing/index.html]
[localhost/marketnow/wp-content/uploads/2020/11/pexels-negative-space-34639-scaled-e1604926437274-1200x669.jpg]
[localhost/marketnow/index.php/wp-json/wp/v2/pages/147.json]
[localhost/marketnow/index.php/wp-json/oembed/1.0/embedff47.json]
[localhost/marketnow/index.php/wp-json/oembed/1.0/embedf9de]
[localhost/marketnow/index.php/que-es-el-marketing-digital/index.html]
[localhost/marketnow/wp-content/uploads/2020/11/pexels-pixabay-267350-scaled-e1604926702101-1200x669.jpg]
[localhost/marketnow/index.php/wp-json/wp/v2/pages/153.json]
[localhost/marketnow/index.php/wp-json/oembed/1.0/embeddd38.json]
[localhost/marketnow/index.php/wp-json/oembed/1.0/embed57ab]
[localhost/marketnow/wp-content/uploads/2020/11/pexels-pixabay-4158-1-1200x797.jpg]
[localhost/marketnow/wp-content/uploads/2020/11/descarga-4-e1604927687687.jpg]
[localhost/marketnow/wp-content/uploads/2020/11/pexels-pixabay-267350-scaled-e1604926702101-1024x571.jpg]
[localhost/marketnow/wp-content/uploads/2020/11/pexels-karolina-grabowska-5625007-1-1024x683.jpg]
[localhost/marketnow/index.php/nuevas-tendencias-en-el-marketing-digital/index.html]
[localhost/marketnow/index5d38.html]
[localhost/marketnow/index2fa7.html]
[localhost/marketnow/indexd7d8.html]
[gmpg.org/xfn/11]
[s.w.org/index.html]
[localhost/marketnow/index.php/wp-json/index.html]
[localhost/marketnow/wp-includes/css/dist/block-library/style.min5697.css]
[localhost/marketnow/index.php/wp-json/wp/v2/pages/28.json]
[localhost/marketnow/wp-content/themes/twentytwenty/style7ef2.css]
[localhost/marketnow/wp-content/themes/twentytwenty/print7ef2.css]
[localhost/marketnow/wp-content/themes/twentytwenty/assets/js/index7ef2.js]
[localhost/marketnow/index.php/que-es-le-marketing/index.html]
[localhost/marketnow/wp-includes/js/wp-embed.min5697.js]
[localhost/marketnow/index5d38.html]
[localhost/marketnow/index2fa7.html]
[localhost/marketnow/indexd7d8.html]
[gmpg.org/xfn/11]
[localhost/marketnow/wp-content/themes/twentytwenty/assets/fonts/inter/Inter-upright-var.html]
[localhost/marketnow/wp-content/themes/twentytwenty/assets/fonts/inter/Inter-italic-var.html]
